// Vitest Snapshot v1, https://vitest.dev/guide/snapshot.html

exports[`Heading > Snapshots > matches snapshot when authenticated > heading-authenticated 1`] = `
<div>
  <header
    aria-label="Site header"
    class="pa-header css-c9rb8t"
    role="banner"
  >
    <div
      class="css-1j19tx6"
    >
      <a
        aria-label="Baphomet - Go to homepage"
        class="css-9u4epn"
        data-discover="true"
        data-testid="home-link"
        href="/"
      >
        <h1
          class="css-yeu9cf"
        >
          Baphomet
        </h1>
        <img
          alt="Baphomet logo"
          aria-hidden="true"
          class="css-jo2gi6"
          role="presentation"
          src="/baphy-favicon.png"
        />
      </a>
      <nav
        aria-label="Main navigation"
        class="css-bfomv6"
      >
        <div
          class="pa-button-group horizontal medium css-1a9vhha"
          role="group"
        >
          <a
            data-discover="true"
            href="/arena"
          >
            <button
              aria-label="Go to Arena page"
              class="pa-button ghostOnDark small css-wad0dn"
            >
              Arena
            </button>
          </a>
          <a
            data-discover="true"
            href="/leaderboard"
          >
            <button
              aria-label="Go to Leaderboard page"
              class="pa-button ghostOnDark small css-wad0dn"
            >
              Leaderboard
            </button>
          </a>
          <a
            data-discover="true"
            href="/all-movies"
          >
            <button
              aria-label="Go to All Movies page"
              class="pa-button ghostOnDark small css-wad0dn"
            >
              All Movies
            </button>
          </a>
          <a
            data-discover="true"
            href="/faq"
          >
            <button
              aria-label="Go to FAQ page"
              class="pa-button ghostOnDark small css-wad0dn"
            >
              FAQ
            </button>
          </a>
          <div
            aria-label="User actions"
            class="pa-button-group horizontal medium css-hegljl"
            role="group"
          >
            <button
              aria-describedby="signup-help"
              aria-label="Open sign up form"
              class="pa-button secondary small css-x6551n"
              data-testid="signup-button"
            >
              Sign Up
            </button>
            <button
              aria-describedby="login-help"
              aria-label="Open log in form"
              class="pa-button primary small css-18sumex"
              data-testid="login-button"
            >
              Log in
            </button>
            <span
              class="css-1tm92sh"
              id="signup-help"
            >
              Create a new account to add and rate movies
            </span>
            <span
              class="css-1tm92sh"
              id="login-help"
            >
              Sign in to your existing account
            </span>
          </div>
        </div>
      </nav>
    </div>
  </header>
</div>
`;

exports[`Heading > Snapshots > matches snapshot when not authenticated > heading-not-authenticated 1`] = `
<div>
  <header
    aria-label="Site header"
    class="pa-header css-c9rb8t"
    role="banner"
  >
    <div
      class="css-1j19tx6"
    >
      <a
        aria-label="Baphomet - Go to homepage"
        class="css-9u4epn"
        data-discover="true"
        data-testid="home-link"
        href="/"
      >
        <h1
          class="css-yeu9cf"
        >
          Baphomet
        </h1>
        <img
          alt="Baphomet logo"
          aria-hidden="true"
          class="css-jo2gi6"
          role="presentation"
          src="/baphy-favicon.png"
        />
      </a>
      <nav
        aria-label="Main navigation"
        class="css-bfomv6"
      >
        <div
          class="pa-button-group horizontal medium css-1a9vhha"
          role="group"
        >
          <a
            data-discover="true"
            href="/arena"
          >
            <button
              aria-label="Go to Arena page"
              class="pa-button ghostOnDark small css-wad0dn"
            >
              Arena
            </button>
          </a>
          <a
            data-discover="true"
            href="/leaderboard"
          >
            <button
              aria-label="Go to Leaderboard page"
              class="pa-button ghostOnDark small css-wad0dn"
            >
              Leaderboard
            </button>
          </a>
          <a
            data-discover="true"
            href="/all-movies"
          >
            <button
              aria-label="Go to All Movies page"
              class="pa-button ghostOnDark small css-wad0dn"
            >
              All Movies
            </button>
          </a>
          <a
            data-discover="true"
            href="/faq"
          >
            <button
              aria-label="Go to FAQ page"
              class="pa-button ghostOnDark small css-wad0dn"
            >
              FAQ
            </button>
          </a>
          <div
            aria-label="User actions"
            class="pa-button-group horizontal medium css-hegljl"
            role="group"
          >
            <button
              aria-describedby="signup-help"
              aria-label="Open sign up form"
              class="pa-button secondary small css-x6551n"
              data-testid="signup-button"
            >
              Sign Up
            </button>
            <button
              aria-describedby="login-help"
              aria-label="Open log in form"
              class="pa-button primary small css-18sumex"
              data-testid="login-button"
            >
              Log in
            </button>
            <span
              class="css-1tm92sh"
              id="signup-help"
            >
              Create a new account to add and rate movies
            </span>
            <span
              class="css-1tm92sh"
              id="login-help"
            >
              Sign in to your existing account
            </span>
          </div>
        </div>
      </nav>
    </div>
  </header>
</div>
`;
